NAME               VALUE           TYPE            SOURCE                  STATUS   DESCRIPTION
CACHE_REDIS_HOST   cache.internal  universe/redis  testdata/cli/redis.env  literal  Redis server hostname (cache)
CACHE_REDIS_PORT   6380            universe/redis  testdata/cli/redis.env  literal  Redis server port (cache)
CACHE_REDIS_TOKEN  [masked]        universe/redis  testdata/cli/redis.env  masked   Redis password (cache)
QUEUES_REDIS_HOST  redis.internal  universe/redis  testdata/cli/redis.env  literal  Redis server hostname (queues)
QUEUES_REDIS_PORT  6379            universe/redis  testdata/cli/redis.env  literal  Redis server port (queues)
REDIS_AUTH_TOKEN   [masked]        universe/redis  testdata/cli/redis.env  masked   Redis password (queues)
REDIS_HOST         localhost       universe/redis  testdata/cli/redis.env  literal  Redis server hostname (default)
REDIS_PASSWORD     [masked]        universe/redis  testdata/cli/redis.env  masked   Redis password (default)
REDIS_PORT         6379            universe/redis  testdata/cli/redis.env  literal  Redis server port (default)
